// Jest Snapshot v1, https://goo.gl/fbAQLP

exports[`renders a snapshot 1`] = `
<div>
  <h1>
    chriseun
  </h1>
  <img
    alt="photoOfMe"
    src="1.png"
  />
  <button
    className="btn btn-primary"
    disabled={false}
    type="button"
  >
    Primary
  </button>
  <h2>
    Hello World
  </h2>
</div>
`;
